{"type":"server-started","port":61170,"host":"127.0.0.1","url_host":"localhost","url":"http://localhost:61170","screen_dir":"/Users/leticiadalcorso/Documents/lets get tech, bitch/ratos de ia/.superpowers/brainstorm/9698-1778809840/content","state_dir":"/Users/leticiadalcorso/Documents/lets get tech, bitch/ratos de ia/.superpowers/brainstorm/9698-1778809840/state"}
{"type":"screen-added","file":"/Users/leticiadalcorso/Documents/lets get tech, bitch/ratos de ia/.superpowers/brainstorm/9698-1778809840/content/direcao-experiencia.html"}
{"type":"screen-updated","file":"/Users/leticiadalcorso/Documents/lets get tech, bitch/ratos de ia/.superpowers/brainstorm/9698-1778809840/content/direcao-experiencia.html"}
{"type":"screen-updated","file":"/Users/leticiadalcorso/Documents/lets get tech, bitch/ratos de ia/.superpowers/brainstorm/9698-1778809840/content/direcao-experiencia.html"}
{"source":"user-event","type":"click","text":"acesso\n      você sabe.\n      \n    \n    \n      Insider / Acesso\n      A sacola é um sinal de que você entrou no círculo. Quem tem, sabe. A mensagem é sutil, quase cifrada. A experiência é de pertencimento a algo seleto — sem precisar explicar.","choice":"insider","id":null,"timestamp":1778809874420}
{"type":"screen-updated","file":"/Users/leticiadalcorso/Documents/lets get tech, bitch/ratos de ia/.superpowers/brainstorm/9698-1778809840/content/direcao-experiencia.html"}
{"source":"user-event","type":"click","text":"smart\n      \n      base\n    \n    \n      Editorial / Desejo\n      A sacola é um objeto desejável em si. Clean, premium, sem ruído. Funciona como branding de moda — a marca aparece, e ela já comunica tudo. O produto dentro é uma extensão da identidade de quem carrega.","choice":"editorial","id":null,"timestamp":1778809902187}
{"source":"user-event","type":"click","text":"smart\n      \n      base\n    \n    \n      Editorial / Desejo\n      A sacola é um objeto desejável em si. Clean, premium, sem ruído. Funciona como branding de moda — a marca aparece, e ela já comunica tudo. O produto dentro é uma extensão da identidade de quem carrega.","choice":"editorial","id":null,"timestamp":1778809903320}
{"source":"user-event","type":"click","text":"smart\n      \n      base\n    \n    \n      Editorial / Desejo\n      A sacola é um objeto desejável em si. Clean, premium, sem ruído. Funciona como branding de moda — a marca aparece, e ela já comunica tudo. O produto dentro é uma extensão da identidade de quem carrega.","choice":"editorial","id":null,"timestamp":1778809908988}
{"source":"user-event","type":"click","text":"smart\n      \n      base\n    \n    \n      Editorial / Desejo\n      A sacola é um objeto desejável em si. Clean, premium, sem ruído. Funciona como branding de moda — a marca aparece, e ela já comunica tudo. O produto dentro é uma extensão da identidade de quem carrega.","choice":"editorial","id":null,"timestamp":1778809909536}
{"source":"user-event","type":"click","text":"smart\n      \n      base\n    \n    \n      Editorial / Desejo\n      A sacola é um objeto desejável em si. Clean, premium, sem ruído. Funciona como branding de moda — a marca aparece, e ela já comunica tudo. O produto dentro é uma extensão da identidade de quem carrega.","choice":"editorial","id":null,"timestamp":1778809909670}
{"type":"screen-added","file":"/Users/leticiadalcorso/Documents/lets get tech, bitch/ratos de ia/.superpowers/brainstorm/9698-1778809840/content/elemento-experiencia.html"}
{"type":"screen-updated","file":"/Users/leticiadalcorso/Documents/lets get tech, bitch/ratos de ia/.superpowers/brainstorm/9698-1778809840/content/elemento-experiencia.html"}
{"type":"screen-updated","file":"/Users/leticiadalcorso/Documents/lets get tech, bitch/ratos de ia/.superpowers/brainstorm/9698-1778809840/content/elemento-experiencia.html"}
{"type":"screen-updated","file":"/Users/leticiadalcorso/Documents/lets get tech, bitch/ratos de ia/.superpowers/brainstorm/9698-1778809840/content/elemento-experiencia.html"}
{"type":"screen-updated","file":"/Users/leticiadalcorso/Documents/lets get tech, bitch/ratos de ia/.superpowers/brainstorm/9698-1778809840/content/elemento-experiencia.html"}
{"source":"user-event","type":"click","text":"smart\n        \n        base\n      \n    \n    \n      Imagem / textura — produto como atmosfera\n      Um detalhe do produto — a tela, a câmera, o acabamento — em preto e branco, quase abstrato. A sacola vira uma peça editorial. A marca entra como assinatura. Alto impacto visual, mais complexo de produzir.","choice":"fotografia","id":null,"timestamp":1778810111840}
{"type":"screen-added","file":"/Users/leticiadalcorso/Documents/lets get tech, bitch/ratos de ia/.superpowers/brainstorm/9698-1778809840/content/detalhe-produto.html"}
{"type":"screen-updated","file":"/Users/leticiadalcorso/Documents/lets get tech, bitch/ratos de ia/.superpowers/brainstorm/9698-1778809840/content/detalhe-produto.html"}
{"type":"screen-updated","file":"/Users/leticiadalcorso/Documents/lets get tech, bitch/ratos de ia/.superpowers/brainstorm/9698-1778809840/content/detalhe-produto.html"}
{"type":"screen-updated","file":"/Users/leticiadalcorso/Documents/lets get tech, bitch/ratos de ia/.superpowers/brainstorm/9698-1778809840/content/detalhe-produto.html"}
{"type":"screen-added","file":"/Users/leticiadalcorso/Documents/lets get tech, bitch/ratos de ia/.superpowers/brainstorm/9698-1778809840/content/tratamento-imagem.html"}
{"type":"screen-updated","file":"/Users/leticiadalcorso/Documents/lets get tech, bitch/ratos de ia/.superpowers/brainstorm/9698-1778809840/content/tratamento-imagem.html"}
{"type":"screen-updated","file":"/Users/leticiadalcorso/Documents/lets get tech, bitch/ratos de ia/.superpowers/brainstorm/9698-1778809840/content/tratamento-imagem.html"}
{"type":"screen-updated","file":"/Users/leticiadalcorso/Documents/lets get tech, bitch/ratos de ia/.superpowers/brainstorm/9698-1778809840/content/tratamento-imagem.html"}
{"type":"screen-added","file":"/Users/leticiadalcorso/Documents/lets get tech, bitch/ratos de ia/.superpowers/brainstorm/9698-1778809840/content/composicao-final.html"}
{"type":"screen-updated","file":"/Users/leticiadalcorso/Documents/lets get tech, bitch/ratos de ia/.superpowers/brainstorm/9698-1778809840/content/composicao-final.html"}
{"type":"screen-updated","file":"/Users/leticiadalcorso/Documents/lets get tech, bitch/ratos de ia/.superpowers/brainstorm/9698-1778809840/content/composicao-final.html"}
{"type":"screen-updated","file":"/Users/leticiadalcorso/Documents/lets get tech, bitch/ratos de ia/.superpowers/brainstorm/9698-1778809840/content/composicao-final.html"}
{"type":"screen-updated","file":"/Users/leticiadalcorso/Documents/lets get tech, bitch/ratos de ia/.superpowers/brainstorm/9698-1778809840/content/composicao-final.html"}
{"type":"screen-added","file":"/Users/leticiadalcorso/Documents/lets get tech, bitch/ratos de ia/.superpowers/brainstorm/9698-1778809840/content/verso-sacola.html"}
{"type":"screen-updated","file":"/Users/leticiadalcorso/Documents/lets get tech, bitch/ratos de ia/.superpowers/brainstorm/9698-1778809840/content/verso-sacola.html"}
{"type":"screen-updated","file":"/Users/leticiadalcorso/Documents/lets get tech, bitch/ratos de ia/.superpowers/brainstorm/9698-1778809840/content/verso-sacola.html"}
{"type":"screen-updated","file":"/Users/leticiadalcorso/Documents/lets get tech, bitch/ratos de ia/.superpowers/brainstorm/9698-1778809840/content/verso-sacola.html"}
{"type":"screen-added","file":"/Users/leticiadalcorso/Documents/lets get tech, bitch/ratos de ia/.superpowers/brainstorm/9698-1778809840/content/verso-palavra.html"}
{"type":"screen-updated","file":"/Users/leticiadalcorso/Documents/lets get tech, bitch/ratos de ia/.superpowers/brainstorm/9698-1778809840/content/verso-palavra.html"}
{"type":"screen-updated","file":"/Users/leticiadalcorso/Documents/lets get tech, bitch/ratos de ia/.superpowers/brainstorm/9698-1778809840/content/verso-palavra.html"}
{"type":"screen-updated","file":"/Users/leticiadalcorso/Documents/lets get tech, bitch/ratos de ia/.superpowers/brainstorm/9698-1778809840/content/verso-palavra.html"}
{"type":"screen-added","file":"/Users/leticiadalcorso/Documents/lets get tech, bitch/ratos de ia/.superpowers/brainstorm/9698-1778809840/content/verso-frases.html"}
{"type":"screen-updated","file":"/Users/leticiadalcorso/Documents/lets get tech, bitch/ratos de ia/.superpowers/brainstorm/9698-1778809840/content/verso-frases.html"}
{"type":"screen-updated","file":"/Users/leticiadalcorso/Documents/lets get tech, bitch/ratos de ia/.superpowers/brainstorm/9698-1778809840/content/verso-frases.html"}
{"type":"screen-updated","file":"/Users/leticiadalcorso/Documents/lets get tech, bitch/ratos de ia/.superpowers/brainstorm/9698-1778809840/content/verso-frases.html"}
{"type":"screen-added","file":"/Users/leticiadalcorso/Documents/lets get tech, bitch/ratos de ia/.superpowers/brainstorm/9698-1778809840/content/waiting.html"}
{"type":"screen-updated","file":"/Users/leticiadalcorso/Documents/lets get tech, bitch/ratos de ia/.superpowers/brainstorm/9698-1778809840/content/waiting.html"}
{"type":"screen-updated","file":"/Users/leticiadalcorso/Documents/lets get tech, bitch/ratos de ia/.superpowers/brainstorm/9698-1778809840/content/waiting.html"}
{"type":"screen-updated","file":"/Users/leticiadalcorso/Documents/lets get tech, bitch/ratos de ia/.superpowers/brainstorm/9698-1778809840/content/waiting.html"}
{"type":"screen-added","file":"/Users/leticiadalcorso/Documents/lets get tech, bitch/ratos de ia/.superpowers/brainstorm/9698-1778809840/content/interior-azul.html"}
{"type":"screen-updated","file":"/Users/leticiadalcorso/Documents/lets get tech, bitch/ratos de ia/.superpowers/brainstorm/9698-1778809840/content/interior-azul.html"}
{"type":"screen-updated","file":"/Users/leticiadalcorso/Documents/lets get tech, bitch/ratos de ia/.superpowers/brainstorm/9698-1778809840/content/interior-azul.html"}
{"type":"screen-updated","file":"/Users/leticiadalcorso/Documents/lets get tech, bitch/ratos de ia/.superpowers/brainstorm/9698-1778809840/content/interior-azul.html"}
{"type":"screen-added","file":"/Users/leticiadalcorso/Documents/lets get tech, bitch/ratos de ia/.superpowers/brainstorm/9698-1778809840/content/acabamentos.html"}
{"type":"screen-updated","file":"/Users/leticiadalcorso/Documents/lets get tech, bitch/ratos de ia/.superpowers/brainstorm/9698-1778809840/content/acabamentos.html"}
{"type":"screen-updated","file":"/Users/leticiadalcorso/Documents/lets get tech, bitch/ratos de ia/.superpowers/brainstorm/9698-1778809840/content/acabamentos.html"}
{"type":"screen-updated","file":"/Users/leticiadalcorso/Documents/lets get tech, bitch/ratos de ia/.superpowers/brainstorm/9698-1778809840/content/acabamentos.html"}
{"type":"screen-added","file":"/Users/leticiadalcorso/Documents/lets get tech, bitch/ratos de ia/.superpowers/brainstorm/9698-1778809840/content/mockup-real.html"}
{"type":"screen-updated","file":"/Users/leticiadalcorso/Documents/lets get tech, bitch/ratos de ia/.superpowers/brainstorm/9698-1778809840/content/mockup-real.html"}
{"type":"screen-updated","file":"/Users/leticiadalcorso/Documents/lets get tech, bitch/ratos de ia/.superpowers/brainstorm/9698-1778809840/content/mockup-real.html"}
{"type":"screen-updated","file":"/Users/leticiadalcorso/Documents/lets get tech, bitch/ratos de ia/.superpowers/brainstorm/9698-1778809840/content/mockup-real.html"}
{"type":"screen-added","file":"/Users/leticiadalcorso/Documents/lets get tech, bitch/ratos de ia/.superpowers/brainstorm/9698-1778809840/content/laterais-fundo.html"}
{"type":"screen-updated","file":"/Users/leticiadalcorso/Documents/lets get tech, bitch/ratos de ia/.superpowers/brainstorm/9698-1778809840/content/laterais-fundo.html"}
{"type":"screen-updated","file":"/Users/leticiadalcorso/Documents/lets get tech, bitch/ratos de ia/.superpowers/brainstorm/9698-1778809840/content/laterais-fundo.html"}
{"type":"screen-updated","file":"/Users/leticiadalcorso/Documents/lets get tech, bitch/ratos de ia/.superpowers/brainstorm/9698-1778809840/content/laterais-fundo.html"}
{"source":"user-event","type":"click","text":"A\n    \n      Azul sólido #3E82F7\n      Laterais e fundo no azul da marca. Vista de cima ou de lado, a sacola revela a cor — como o interior. Cria um sistema: por dentro azul, nas bordas azul, por fora escuro. Quem vê de perto percebe a camada extra.\n      \n        \n        +\n        \n        lateral\n        \n        fundo","choice":"azul-solido","id":null,"timestamp":1778812087443}
{"source":"user-event","type":"click","text":"A\n    \n      Azul sólido #3E82F7\n      Laterais e fundo no azul da marca. Vista de cima ou de lado, a sacola revela a cor — como o interior. Cria um sistema: por dentro azul, nas bordas azul, por fora escuro. Quem vê de perto percebe a camada extra.\n      \n        \n        +\n        \n        lateral\n        \n        fundo","choice":"azul-solido","id":null,"timestamp":1778812087625}
{"source":"user-event","type":"click","text":"A\n    \n      Azul sólido #3E82F7\n      Laterais e fundo no azul da marca. Vista de cima ou de lado, a sacola revela a cor — como o interior. Cria um sistema: por dentro azul, nas bordas azul, por fora escuro. Quem vê de perto percebe a camada extra.\n      \n        \n        +\n        \n        lateral\n        \n        fundo","choice":"azul-solido","id":null,"timestamp":1778812087758}
{"source":"user-event","type":"click","text":"A\n    \n      Azul sólido #3E82F7\n      Laterais e fundo no azul da marca. Vista de cima ou de lado, a sacola revela a cor — como o interior. Cria um sistema: por dentro azul, nas bordas azul, por fora escuro. Quem vê de perto percebe a camada extra.\n      \n        \n        +\n        \n        lateral\n        \n        fundo","choice":"azul-solido","id":null,"timestamp":1778812088541}
{"source":"user-event","type":"click","text":"B\n    \n      @smartbase.rs rotacionado\n      O handle do Instagram escrito verticalmente na lateral — centralizado, pequeno, weight leve. Quem olha de lado lê. Funcional e elegante ao mesmo tempo. O fundo fica na cor surface, limpo.\n      \n        \n          @smartbase.rs\n        \n        lateral\n        \n        fundo limpo","choice":"handle-lateral","id":null,"timestamp":1778812091074}
{"source":"user-event","type":"click","text":"B\n    \n      @smartbase.rs rotacionado\n      O handle do Instagram escrito verticalmente na lateral — centralizado, pequeno, weight leve. Quem olha de lado lê. Funcional e elegante ao mesmo tempo. O fundo fica na cor surface, limpo.\n      \n        \n          @smartbase.rs\n        \n        lateral\n        \n        fundo limpo","choice":"handle-lateral","id":null,"timestamp":1778812091207}
{"source":"user-event","type":"click","text":"B\n    \n      @smartbase.rs rotacionado\n      O handle do Instagram escrito verticalmente na lateral — centralizado, pequeno, weight leve. Quem olha de lado lê. Funcional e elegante ao mesmo tempo. O fundo fica na cor surface, limpo.\n      \n        \n          @smartbase.rs\n        \n        lateral\n        \n        fundo limpo","choice":"handle-lateral","id":null,"timestamp":1778812091374}
{"source":"user-event","type":"click","text":"C\n    \n      Azul nas laterais + handle no fundo\n      Laterais em azul (cria a borda colorida), fundo com @smartbase.rs centralizado — quem olha de baixo vê a assinatura. É um detalhe escondido, como um easter egg. Descoberto por quem presta atenção.\n      \n        \n        lateral azul\n        \n          @smartbase.rs\n        \n        fundo assinado","choice":"azul-handle","id":null,"timestamp":1778812093524}
{"source":"user-event","type":"click","text":"C\n    \n      Azul nas laterais + handle no fundo\n      Laterais em azul (cria a borda colorida), fundo com @smartbase.rs centralizado — quem olha de baixo vê a assinatura. É um detalhe escondido, como um easter egg. Descoberto por quem presta atenção.\n      \n        \n        lateral azul\n        \n          @smartbase.rs\n        \n        fundo assinado","choice":"azul-handle","id":null,"timestamp":1778812093674}
{"source":"user-event","type":"click","text":"C\n    \n      Azul nas laterais + handle no fundo\n      Laterais em azul (cria a borda colorida), fundo com @smartbase.rs centralizado — quem olha de baixo vê a assinatura. É um detalhe escondido, como um easter egg. Descoberto por quem presta atenção.\n      \n        \n        lateral azul\n        \n          @smartbase.rs\n        \n        fundo assinado","choice":"azul-handle","id":null,"timestamp":1778812093807}
{"source":"user-event","type":"click","text":"D\n    \n      Surface limpo — sem impressão\n      Laterais e fundo no mesmo #181828, sem impressão. A sacola é silenciosa em todos os ângulos exceto frente e verso. Mais barato de produzir, mais difícil de fazer parecer descuido.\n      \n        \n        lateral\n        \n        fundo","choice":"surface-limpo","id":null,"timestamp":1778812095558}
{"source":"user-event","type":"click","text":"D\n    \n      Surface limpo — sem impressão\n      Laterais e fundo no mesmo #181828, sem impressão. A sacola é silenciosa em todos os ângulos exceto frente e verso. Mais barato de produzir, mais difícil de fazer parecer descuido.\n      \n        \n        lateral\n        \n        fundo","choice":"surface-limpo","id":null,"timestamp":1778812095707}
{"source":"user-event","type":"click","text":"D\n    \n      Surface limpo — sem impressão\n      Laterais e fundo no mesmo #181828, sem impressão. A sacola é silenciosa em todos os ângulos exceto frente e verso. Mais barato de produzir, mais difícil de fazer parecer descuido.\n      \n        \n        lateral\n        \n        fundo","choice":"surface-limpo","id":null,"timestamp":1778812095857}
{"source":"user-event","type":"click","text":"C\n    \n      Azul nas laterais + handle no fundo\n      Laterais em azul (cria a borda colorida), fundo com @smartbase.rs centralizado — quem olha de baixo vê a assinatura. É um detalhe escondido, como um easter egg. Descoberto por quem presta atenção.\n      \n        \n        lateral azul\n        \n          @smartbase.rs\n        \n        fundo assinado","choice":"azul-handle","id":null,"timestamp":1778812108306}
{"type":"screen-added","file":"/Users/leticiadalcorso/Documents/lets get tech, bitch/ratos de ia/.superpowers/brainstorm/9698-1778809840/content/fundo-surpresa.html"}
{"type":"screen-updated","file":"/Users/leticiadalcorso/Documents/lets get tech, bitch/ratos de ia/.superpowers/brainstorm/9698-1778809840/content/fundo-surpresa.html"}
{"type":"screen-updated","file":"/Users/leticiadalcorso/Documents/lets get tech, bitch/ratos de ia/.superpowers/brainstorm/9698-1778809840/content/fundo-surpresa.html"}
{"type":"screen-updated","file":"/Users/leticiadalcorso/Documents/lets get tech, bitch/ratos de ia/.superpowers/brainstorm/9698-1778809840/content/fundo-surpresa.html"}
{"source":"user-event","type":"click","text":"você já sabia que ia comprar.\n      Irônico do bom jeito. Fala de uma verdade que todo mundo que compra iPhone reconhece — a decisão estava tomada antes de qualquer pesquisa. Provoca um sorriso.","choice":"voce-sabia","id":null,"timestamp":1778812187632}
{"source":"user-event","type":"click","text":"você já sabia que ia comprar.\n      Irônico do bom jeito. Fala de uma verdade que todo mundo que compra iPhone reconhece — a decisão estava tomada antes de qualquer pesquisa. Provoca um sorriso.","choice":"voce-sabia","id":null,"timestamp":1778812187772}
{"source":"user-event","type":"click","text":"você já sabia que ia comprar.\n      Irônico do bom jeito. Fala de uma verdade que todo mundo que compra iPhone reconhece — a decisão estava tomada antes de qualquer pesquisa. Provoca um sorriso.","choice":"voce-sabia","id":null,"timestamp":1778812187923}
{"source":"user-event","type":"click","text":"bem-vindo ao clube.\n      Pertencimento sem explicação. \"Clube\" remete ao universo sneaker, ao acesso, à comunidade. Quem comprou entendeu o que é — agora é oficial.","choice":"clube","id":null,"timestamp":1778812189857}
{"source":"user-event","type":"click","text":"valeu a espera, né?\n      Próximo, quase cúmplice. Reconhece que quem compra iPhone faz isso com expectativa. Transforma a entrega num momento compartilhado — como se o vendedor estivesse ali.","choice":"valeu","id":null,"timestamp":1778812191156}
{"source":"user-event","type":"click","text":"original. como deveria ser.\n      Valida a decisão de compra. Fala sobre o produto e sobre a escolha do canal ao mesmo tempo. Clean, direto, sem autoexplicação excessiva.","choice":"original","id":null,"timestamp":1778812192689}
{"source":"user-event","type":"click","text":"bem-vindo ao clube.\n      Pertencimento sem explicação. \"Clube\" remete ao universo sneaker, ao acesso, à comunidade. Quem comprou entendeu o que é — agora é oficial.","choice":"clube","id":null,"timestamp":1778812196423}
{"source":"user-event","type":"click","text":"valeu a espera, né?\n      Próximo, quase cúmplice. Reconhece que quem compra iPhone faz isso com expectativa. Transforma a entrega num momento compartilhado — como se o vendedor estivesse ali.","choice":"valeu","id":null,"timestamp":1778812335914}
{"source":"user-event","type":"click","text":"bem-vindo ao clube.\n      Pertencimento sem explicação. \"Clube\" remete ao universo sneaker, ao acesso, à comunidade. Quem comprou entendeu o que é — agora é oficial.","choice":"clube","id":null,"timestamp":1778812339923}
{"source":"user-event","type":"click","text":"você já sabia que ia comprar.\n      Irônico do bom jeito. Fala de uma verdade que todo mundo que compra iPhone reconhece — a decisão estava tomada antes de qualquer pesquisa. Provoca um sorriso.","choice":"voce-sabia","id":null,"timestamp":1778812342006}
{"type":"screen-added","file":"/Users/leticiadalcorso/Documents/lets get tech, bitch/ratos de ia/.superpowers/brainstorm/9698-1778809840/content/fundo-opcoes2.html"}
{"type":"screen-updated","file":"/Users/leticiadalcorso/Documents/lets get tech, bitch/ratos de ia/.superpowers/brainstorm/9698-1778809840/content/fundo-opcoes2.html"}
{"type":"screen-updated","file":"/Users/leticiadalcorso/Documents/lets get tech, bitch/ratos de ia/.superpowers/brainstorm/9698-1778809840/content/fundo-opcoes2.html"}
{"type":"screen-updated","file":"/Users/leticiadalcorso/Documents/lets get tech, bitch/ratos de ia/.superpowers/brainstorm/9698-1778809840/content/fundo-opcoes2.html"}
{"type":"screen-added","file":"/Users/leticiadalcorso/Documents/lets get tech, bitch/ratos de ia/.superpowers/brainstorm/9698-1778809840/content/fundo-final.html"}
{"type":"screen-updated","file":"/Users/leticiadalcorso/Documents/lets get tech, bitch/ratos de ia/.superpowers/brainstorm/9698-1778809840/content/fundo-final.html"}
{"type":"screen-updated","file":"/Users/leticiadalcorso/Documents/lets get tech, bitch/ratos de ia/.superpowers/brainstorm/9698-1778809840/content/fundo-final.html"}
{"type":"screen-updated","file":"/Users/leticiadalcorso/Documents/lets get tech, bitch/ratos de ia/.superpowers/brainstorm/9698-1778809840/content/fundo-final.html"}
{"type":"screen-added","file":"/Users/leticiadalcorso/Documents/lets get tech, bitch/ratos de ia/.superpowers/brainstorm/9698-1778809840/content/voce-escolheu.html"}
{"type":"screen-updated","file":"/Users/leticiadalcorso/Documents/lets get tech, bitch/ratos de ia/.superpowers/brainstorm/9698-1778809840/content/voce-escolheu.html"}
{"type":"screen-updated","file":"/Users/leticiadalcorso/Documents/lets get tech, bitch/ratos de ia/.superpowers/brainstorm/9698-1778809840/content/voce-escolheu.html"}
{"type":"screen-updated","file":"/Users/leticiadalcorso/Documents/lets get tech, bitch/ratos de ia/.superpowers/brainstorm/9698-1778809840/content/voce-escolheu.html"}
{"source":"user-event","type":"click","text":"você escolheu bem.\n      Simples e direto. Valida a decisão sem explicar. Qualquer pessoa entende — e sente. Funciona porque é o que alguém de confiança diria.","choice":"a","id":null,"timestamp":1778812604253}
{"source":"user-event","type":"click","text":"você escolheu diferente.\n      Fala sobre o canal — comprou fora do caminho óbvio (loja oficial, operadora, marketplace). Reconhece que a pessoa foi atrás de uma alternativa real. Tom de cumplicidade.","choice":"b","id":null,"timestamp":1778812606821}
{"type":"screen-added","file":"/Users/leticiadalcorso/Documents/lets get tech, bitch/ratos de ia/.superpowers/brainstorm/9698-1778809840/content/fundo-comunidade.html"}
{"type":"screen-updated","file":"/Users/leticiadalcorso/Documents/lets get tech, bitch/ratos de ia/.superpowers/brainstorm/9698-1778809840/content/fundo-comunidade.html"}
{"type":"screen-updated","file":"/Users/leticiadalcorso/Documents/lets get tech, bitch/ratos de ia/.superpowers/brainstorm/9698-1778809840/content/fundo-comunidade.html"}
{"type":"screen-updated","file":"/Users/leticiadalcorso/Documents/lets get tech, bitch/ratos de ia/.superpowers/brainstorm/9698-1778809840/content/fundo-comunidade.html"}
{"source":"user-event","type":"click","text":"agora você sabe onde comprar.\n      Simples e poderoso. Pressupõe que antes havia dúvida — e que agora foi resolvida de vez. Não é sobre este iPhone. É sobre todos os próximos. Cria fidelidade sem pedir.","choice":"a","id":null,"timestamp":1778813099135}
{"source":"user-event","type":"click","text":"de quem entende. pra quem entendeu.\n      Cria uma troca de igual pra igual. A Smartbase não vende pra qualquer um — vende pra quem pesquisou, comparou, entendeu o que está comprando. Reconhece a inteligência de quem chegou até aqui.","choice":"b","id":null,"timestamp":1778813100851}
{"source":"user-event","type":"click","text":"a maioria nunca vai saber disso.\n      Insider puro. Cria exclusividade sem arrogância — é uma constatação, não um julgamento. Quem lê sente que encontrou algo que a maioria não encontrou. Instiga a contar pra alguém de confiança.","choice":"c","id":null,"timestamp":1778813102717}
{"source":"user-event","type":"click","text":"quem comprou aqui uma vez não compra em outro lugar.\n      Eco do \"quem tem não volta atrás\" do verso — fecha o sistema. A frase do verso fala do produto, essa fala do canal. Juntas formam um argumento completo sem se repetir.","choice":"d","id":null,"timestamp":1778813104917}
{"source":"user-event","type":"click","text":"esse é o atalho que poucos conhecem.\n      \"Atalho\" é uma palavra poderosa — implica inteligência, pesquisa, descoberta. Não é sobre preço, não é sobre produto. É sobre ter encontrado um caminho que a maioria não conhece.","choice":"e","id":null,"timestamp":1778813105551}
{"source":"user-event","type":"click","text":"daqui a pouco você indica pra alguém.\n      Audacioso. Prevê o comportamento antes de acontecer — e ao prever, planta a semente. Quem lê ri, porque sabe que é verdade. É a melhor forma de pedir indicação sem pedir.","choice":"f","id":null,"timestamp":1778813106501}
{"source":"user-event","type":"click","text":"de quem entende. pra quem entendeu.\n      Cria uma troca de igual pra igual. A Smartbase não vende pra qualquer um — vende pra quem pesquisou, comparou, entendeu o que está comprando. Reconhece a inteligência de quem chegou até aqui.","choice":"b","id":null,"timestamp":1778813109883}
{"source":"user-event","type":"click","text":"a maioria nunca vai saber disso.\n      Insider puro. Cria exclusividade sem arrogância — é uma constatação, não um julgamento. Quem lê sente que encontrou algo que a maioria não encontrou. Instiga a contar pra alguém de confiança.","choice":"c","id":null,"timestamp":1778813124800}
{"type":"screen-added","file":"/Users/leticiadalcorso/Documents/lets get tech, bitch/ratos de ia/.superpowers/brainstorm/9698-1778809840/content/fundo-fc.html"}
{"type":"screen-updated","file":"/Users/leticiadalcorso/Documents/lets get tech, bitch/ratos de ia/.superpowers/brainstorm/9698-1778809840/content/fundo-fc.html"}
{"type":"screen-updated","file":"/Users/leticiadalcorso/Documents/lets get tech, bitch/ratos de ia/.superpowers/brainstorm/9698-1778809840/content/fundo-fc.html"}
{"type":"screen-updated","file":"/Users/leticiadalcorso/Documents/lets get tech, bitch/ratos de ia/.superpowers/brainstorm/9698-1778809840/content/fundo-fc.html"}
{"type":"screen-added","file":"/Users/leticiadalcorso/Documents/lets get tech, bitch/ratos de ia/.superpowers/brainstorm/9698-1778809840/content/fundo-instagram.html"}
{"type":"screen-updated","file":"/Users/leticiadalcorso/Documents/lets get tech, bitch/ratos de ia/.superpowers/brainstorm/9698-1778809840/content/fundo-instagram.html"}
{"type":"screen-updated","file":"/Users/leticiadalcorso/Documents/lets get tech, bitch/ratos de ia/.superpowers/brainstorm/9698-1778809840/content/fundo-instagram.html"}
{"type":"screen-updated","file":"/Users/leticiadalcorso/Documents/lets get tech, bitch/ratos de ia/.superpowers/brainstorm/9698-1778809840/content/fundo-instagram.html"}
{"source":"user-event","type":"click","text":"não é só um telefone novo. (mas é, sim.)\n      Irônico e autoconsciente — fala do ritual de se convencer que a compra foi racional enquanto no fundo era pura vontade. O parêntese muda tudo. Vai gerar print e compartilhamento.","choice":"d","id":null,"timestamp":1778813325315}
{"source":"user-event","type":"click","text":"novo telefone. zero remorso.\n      Captura exatamente o sentimento de quem acabou de comprar um iPhone — a mistura de euforia com a culpa de ter gastado. Resolver essa tensão com humor é o que faz a frase viajar.","choice":"a","id":null,"timestamp":1778813327932}
{"source":"user-event","type":"click","text":"pesquisei muito. comprei certo.\n      Fala do processo real de quem compra iPhone — semanas de pesquisa, comparação, dúvida. A frase valida toda essa jornada num clique. Quem passou por isso vai se identificar na hora.","choice":"b","id":null,"timestamp":1778813328699}
{"source":"user-event","type":"click","text":"meu bolso chorou. meu eu chorou mais.\n      Humor puro sobre o conflito real de comprar iPhone. Todo mundo que já comprou um vai rir. Tem potencial viral porque captura uma verdade universal de forma inesperada.","choice":"e","id":null,"timestamp":1778813330315}
{"source":"user-event","type":"click","text":"eu merecia. e eu sei disso.\n      Autoafirmação com humor. A pessoa posta, marca a sacola, e já se justificou pra timeline inteira. Funciona porque é exatamente o que todo mundo pensa quando compra algo caro que queria muito.","choice":"f","id":null,"timestamp":1778813331932}
{"source":"user-event","type":"click","text":"era isso que eu tava esperando.\n      Ambígua do jeito certo — pode ser o iPhone, pode ser o preço, pode ser o momento. Qualquer pessoa que comprou algo desejado por muito tempo vai sentir exatamente isso.","choice":"c","id":null,"timestamp":1778813332848}
{"type":"screen-added","file":"/Users/leticiadalcorso/Documents/lets get tech, bitch/ratos de ia/.superpowers/brainstorm/9698-1778809840/content/fundo-conquista.html"}
{"type":"screen-updated","file":"/Users/leticiadalcorso/Documents/lets get tech, bitch/ratos de ia/.superpowers/brainstorm/9698-1778809840/content/fundo-conquista.html"}
{"type":"screen-updated","file":"/Users/leticiadalcorso/Documents/lets get tech, bitch/ratos de ia/.superpowers/brainstorm/9698-1778809840/content/fundo-conquista.html"}
{"type":"screen-updated","file":"/Users/leticiadalcorso/Documents/lets get tech, bitch/ratos de ia/.superpowers/brainstorm/9698-1778809840/content/fundo-conquista.html"}
{"type":"screen-updated","file":"/Users/leticiadalcorso/Documents/lets get tech, bitch/ratos de ia/.superpowers/brainstorm/9698-1778809840/content/waiting.html"}
{"type":"screen-updated","file":"/Users/leticiadalcorso/Documents/lets get tech, bitch/ratos de ia/.superpowers/brainstorm/9698-1778809840/content/laterais-fundo.html"}
{"type":"screen-updated","file":"/Users/leticiadalcorso/Documents/lets get tech, bitch/ratos de ia/.superpowers/brainstorm/9698-1778809840/content/fundo-conquista.html"}
{"type":"screen-updated","file":"/Users/leticiadalcorso/Documents/lets get tech, bitch/ratos de ia/.superpowers/brainstorm/9698-1778809840/content/interior-azul.html"}
{"type":"screen-updated","file":"/Users/leticiadalcorso/Documents/lets get tech, bitch/ratos de ia/.superpowers/brainstorm/9698-1778809840/content/tratamento-imagem.html"}
{"type":"screen-updated","file":"/Users/leticiadalcorso/Documents/lets get tech, bitch/ratos de ia/.superpowers/brainstorm/9698-1778809840/content/verso-frases.html"}
{"type":"screen-updated","file":"/Users/leticiadalcorso/Documents/lets get tech, bitch/ratos de ia/.superpowers/brainstorm/9698-1778809840/content/composicao-final.html"}
{"type":"screen-updated","file":"/Users/leticiadalcorso/Documents/lets get tech, bitch/ratos de ia/.superpowers/brainstorm/9698-1778809840/content/detalhe-produto.html"}
{"type":"screen-updated","file":"/Users/leticiadalcorso/Documents/lets get tech, bitch/ratos de ia/.superpowers/brainstorm/9698-1778809840/content/verso-sacola.html"}
{"type":"screen-updated","file":"/Users/leticiadalcorso/Documents/lets get tech, bitch/ratos de ia/.superpowers/brainstorm/9698-1778809840/content/fundo-fc.html"}
{"type":"screen-updated","file":"/Users/leticiadalcorso/Documents/lets get tech, bitch/ratos de ia/.superpowers/brainstorm/9698-1778809840/content/fundo-comunidade.html"}
{"type":"screen-updated","file":"/Users/leticiadalcorso/Documents/lets get tech, bitch/ratos de ia/.superpowers/brainstorm/9698-1778809840/content/fundo-final.html"}
{"type":"screen-updated","file":"/Users/leticiadalcorso/Documents/lets get tech, bitch/ratos de ia/.superpowers/brainstorm/9698-1778809840/content/acabamentos.html"}
{"type":"screen-updated","file":"/Users/leticiadalcorso/Documents/lets get tech, bitch/ratos de ia/.superpowers/brainstorm/9698-1778809840/content/fundo-conquista.html"}
{"type":"screen-updated","file":"/Users/leticiadalcorso/Documents/lets get tech, bitch/ratos de ia/.superpowers/brainstorm/9698-1778809840/content/acabamentos.html"}
{"type":"screen-updated","file":"/Users/leticiadalcorso/Documents/lets get tech, bitch/ratos de ia/.superpowers/brainstorm/9698-1778809840/content/composicao-final.html"}
{"type":"screen-updated","file":"/Users/leticiadalcorso/Documents/lets get tech, bitch/ratos de ia/.superpowers/brainstorm/9698-1778809840/content/detalhe-produto.html"}
{"type":"screen-updated","file":"/Users/leticiadalcorso/Documents/lets get tech, bitch/ratos de ia/.superpowers/brainstorm/9698-1778809840/content/fundo-comunidade.html"}
{"type":"screen-updated","file":"/Users/leticiadalcorso/Documents/lets get tech, bitch/ratos de ia/.superpowers/brainstorm/9698-1778809840/content/fundo-fc.html"}
{"type":"screen-updated","file":"/Users/leticiadalcorso/Documents/lets get tech, bitch/ratos de ia/.superpowers/brainstorm/9698-1778809840/content/fundo-final.html"}
{"type":"screen-updated","file":"/Users/leticiadalcorso/Documents/lets get tech, bitch/ratos de ia/.superpowers/brainstorm/9698-1778809840/content/interior-azul.html"}
{"type":"screen-updated","file":"/Users/leticiadalcorso/Documents/lets get tech, bitch/ratos de ia/.superpowers/brainstorm/9698-1778809840/content/laterais-fundo.html"}
{"type":"screen-updated","file":"/Users/leticiadalcorso/Documents/lets get tech, bitch/ratos de ia/.superpowers/brainstorm/9698-1778809840/content/tratamento-imagem.html"}
{"type":"screen-updated","file":"/Users/leticiadalcorso/Documents/lets get tech, bitch/ratos de ia/.superpowers/brainstorm/9698-1778809840/content/verso-frases.html"}
{"type":"screen-updated","file":"/Users/leticiadalcorso/Documents/lets get tech, bitch/ratos de ia/.superpowers/brainstorm/9698-1778809840/content/verso-sacola.html"}
{"type":"screen-updated","file":"/Users/leticiadalcorso/Documents/lets get tech, bitch/ratos de ia/.superpowers/brainstorm/9698-1778809840/content/waiting.html"}
{"type":"screen-updated","file":"/Users/leticiadalcorso/Documents/lets get tech, bitch/ratos de ia/.superpowers/brainstorm/9698-1778809840/content/waiting.html"}
{"type":"screen-updated","file":"/Users/leticiadalcorso/Documents/lets get tech, bitch/ratos de ia/.superpowers/brainstorm/9698-1778809840/content/laterais-fundo.html"}
{"type":"screen-updated","file":"/Users/leticiadalcorso/Documents/lets get tech, bitch/ratos de ia/.superpowers/brainstorm/9698-1778809840/content/interior-azul.html"}
{"type":"screen-updated","file":"/Users/leticiadalcorso/Documents/lets get tech, bitch/ratos de ia/.superpowers/brainstorm/9698-1778809840/content/tratamento-imagem.html"}
{"type":"screen-updated","file":"/Users/leticiadalcorso/Documents/lets get tech, bitch/ratos de ia/.superpowers/brainstorm/9698-1778809840/content/verso-frases.html"}
{"type":"screen-updated","file":"/Users/leticiadalcorso/Documents/lets get tech, bitch/ratos de ia/.superpowers/brainstorm/9698-1778809840/content/composicao-final.html"}
{"type":"screen-updated","file":"/Users/leticiadalcorso/Documents/lets get tech, bitch/ratos de ia/.superpowers/brainstorm/9698-1778809840/content/detalhe-produto.html"}
{"type":"screen-updated","file":"/Users/leticiadalcorso/Documents/lets get tech, bitch/ratos de ia/.superpowers/brainstorm/9698-1778809840/content/verso-sacola.html"}
{"type":"screen-updated","file":"/Users/leticiadalcorso/Documents/lets get tech, bitch/ratos de ia/.superpowers/brainstorm/9698-1778809840/content/fundo-fc.html"}
{"type":"screen-updated","file":"/Users/leticiadalcorso/Documents/lets get tech, bitch/ratos de ia/.superpowers/brainstorm/9698-1778809840/content/fundo-comunidade.html"}
{"type":"screen-updated","file":"/Users/leticiadalcorso/Documents/lets get tech, bitch/ratos de ia/.superpowers/brainstorm/9698-1778809840/content/fundo-final.html"}
{"type":"screen-updated","file":"/Users/leticiadalcorso/Documents/lets get tech, bitch/ratos de ia/.superpowers/brainstorm/9698-1778809840/content/acabamentos.html"}
{"type":"screen-updated","file":"/Users/leticiadalcorso/Documents/lets get tech, bitch/ratos de ia/.superpowers/brainstorm/9698-1778809840/content/mockup-real.html"}
{"type":"screen-updated","file":"/Users/leticiadalcorso/Documents/lets get tech, bitch/ratos de ia/.superpowers/brainstorm/9698-1778809840/content/elemento-experiencia.html"}
{"type":"screen-updated","file":"/Users/leticiadalcorso/Documents/lets get tech, bitch/ratos de ia/.superpowers/brainstorm/9698-1778809840/content/fundo-conquista.html"}
{"type":"screen-updated","file":"/Users/leticiadalcorso/Documents/lets get tech, bitch/ratos de ia/.superpowers/brainstorm/9698-1778809840/content/acabamentos.html"}
{"type":"screen-updated","file":"/Users/leticiadalcorso/Documents/lets get tech, bitch/ratos de ia/.superpowers/brainstorm/9698-1778809840/content/composicao-final.html"}
{"type":"screen-updated","file":"/Users/leticiadalcorso/Documents/lets get tech, bitch/ratos de ia/.superpowers/brainstorm/9698-1778809840/content/detalhe-produto.html"}
{"type":"screen-updated","file":"/Users/leticiadalcorso/Documents/lets get tech, bitch/ratos de ia/.superpowers/brainstorm/9698-1778809840/content/elemento-experiencia.html"}
{"type":"screen-updated","file":"/Users/leticiadalcorso/Documents/lets get tech, bitch/ratos de ia/.superpowers/brainstorm/9698-1778809840/content/fundo-comunidade.html"}
{"type":"screen-updated","file":"/Users/leticiadalcorso/Documents/lets get tech, bitch/ratos de ia/.superpowers/brainstorm/9698-1778809840/content/fundo-fc.html"}
{"type":"screen-updated","file":"/Users/leticiadalcorso/Documents/lets get tech, bitch/ratos de ia/.superpowers/brainstorm/9698-1778809840/content/fundo-final.html"}
{"type":"screen-updated","file":"/Users/leticiadalcorso/Documents/lets get tech, bitch/ratos de ia/.superpowers/brainstorm/9698-1778809840/content/interior-azul.html"}
{"type":"screen-updated","file":"/Users/leticiadalcorso/Documents/lets get tech, bitch/ratos de ia/.superpowers/brainstorm/9698-1778809840/content/laterais-fundo.html"}
{"type":"screen-updated","file":"/Users/leticiadalcorso/Documents/lets get tech, bitch/ratos de ia/.superpowers/brainstorm/9698-1778809840/content/mockup-real.html"}
{"type":"screen-updated","file":"/Users/leticiadalcorso/Documents/lets get tech, bitch/ratos de ia/.superpowers/brainstorm/9698-1778809840/content/tratamento-imagem.html"}
{"type":"screen-updated","file":"/Users/leticiadalcorso/Documents/lets get tech, bitch/ratos de ia/.superpowers/brainstorm/9698-1778809840/content/verso-frases.html"}
{"type":"screen-updated","file":"/Users/leticiadalcorso/Documents/lets get tech, bitch/ratos de ia/.superpowers/brainstorm/9698-1778809840/content/verso-sacola.html"}
{"type":"screen-updated","file":"/Users/leticiadalcorso/Documents/lets get tech, bitch/ratos de ia/.superpowers/brainstorm/9698-1778809840/content/waiting.html"}
{"type":"server-stopped","reason":"idle timeout"}
